The ``2-matrix_divided`` module
===============================

Using ``2-matrix_divided``
--------------------------

This module divide each element of a matrix.

>>> matrix_divided = __import__("2-matrix_divided").matrix_divided
>>> matrix = [
...     [1, 2, 3],
...     [4, 5, 6]
... ]
>>> matrix_divided(matrix, 3)
[[0.33, 0.67, 1.0], [1.33, 1.67, 2.0]]
>>> matrix = [
...     [1, 2, 3],
...     [4, 5, 6]
... ]
>>> matrix_divided(matrix, 1)
[[1.0, 2.0, 3.0], [4.0, 5.0, 6.0]]
>>> matrix = [
...     [4],
...     [6]
... ]
>>> matrix_divided(matrix, 7.0)
[[0.57], [0.86]]
>>> matrix = [
...     [1, 2, 3],
...     [4, 5, 6]
... ]
>>> matrix_divided(matrix, 20.89)
[[0.05, 0.1, 0.14], [0.19, 0.24, 0.29]]
>>> matrix = [
...     [40.4, 5, 6],
...     [40.4, 5, 6.8]
... ]
>>> matrix_divided(matrix, 7)
[[5.77, 0.71, 0.86], [5.77, 0.71, 0.97]]
>>> matrix = [
...     [1, 2, 3],
...     [4, 5, 6]
... ]
>>> matrix_divided(matrix, 0)
Traceback (most recent call last):
...
ZeroDivisionError: division by zero
>>> matrix = [
...     [4, 5, "6"],
...     [4, 5, 6]
... ]
>>> matrix_divided(matrix, 20)
Traceback (most recent call last):
...
TypeError: matrix must be a matrix (list of lists) of integers/floats
>>> matrix = [
...     [4, 5, 6],
...     [4, 5]
... ]
>>> matrix_divided(matrix, 9.1)
Traceback (most recent call last):
...
TypeError: Each row of the matrix must have the same size
>>> matrix = [
...     [4, 5]
... ]
>>> matrix_divided(matrix, 1)
Traceback (most recent call last):
...
TypeError: matrix must be a matrix (list of lists) of integers/floats
>>> matrix = [
...     [4, 5],
...     [0, 1]
... ]
>>> matrix_divided(matrix, "1")
Traceback (most recent call last):
...
TypeError: div must be a number
>>> matrix = [
...     [0.5, 2.2],
...     [5.0, 3.2]
... ]
>>> matrix_divided(matrix, 6)
[[0.08, 0.37], [0.83, 0.53]]
>>> matrix = (
...     [5.0, 3.2],
...     [5.0, 3.2]
... )
>>> matrix_divided(matrix, 6)
Traceback (most recent call last):
...
TypeError: matrix must be a matrix (list of lists) of integers/floats
